// Jest Snapshot v1, https://goo.gl/fbAQLP

exports[`should use inputs from CLI and env 1`] = `
"────────────────────────────────────────────────────────────────────────────────[0m
[0m
  Running workflow inputs-with-cli-and-env.yaml / get-museum-hours[0m
[0m
  ✓ GET /museum-hours - step get-museum-hours[0m
[0m
    Request URL: https://redocly.com/_mock/demo/openapi/museum-api/museum-hours[0m
    Request Headers:[0m
      accept: application/json, application/problem+json[0m
      authorization: Basic Og==[0m
[0m
[0m
    Response status code: 200[0m
    Response time: <test> ms[0m
    Response Body:[0m
      [
        {
          "date": "2023-09-11",
          "timeOpen": "09:00",
          "timeClose": "18:00"
        },
        {
          "date": "2023-09-12",
          "timeOpen": "09:00",
          "timeClose": "18:00"
        },
        {
          "date": "2023-09-13",
          "timeOpen": "09:00",
          "timeClose": "18:00"
        },
        {
          "date": "2023-09-14",
          "timeOpen": "09:00",
          "timeClose": "18:00"
        },
        {
          "date": "2023-09-15",
          "timeOpen": "10:00",
          "timeClose": "16:00"
        },
        {
          "date": "2023-09-18",
          "timeOpen": "09:00",
          "timeClose": "18:00"
        },
        {
          "date": "2023-09-19",
          "timeOpen": "09:00",
          "timeClose": "18:00"
        },
        {
          "date": "2023-09-20",
          "timeOpen": "09:00",
          "timeClose": "18:00"
        },
        {
          "date": "2023-09-21",
          "timeOpen": "09:00",
          "timeClose": "18:00"
        },
        {
          "date": "2023-09-22",
          "timeOpen": "10:00",
          "timeClose": "16:00"
        }
      ][0m
[0m
    ✓ success criteria check
    ✓ status code check (Response code 200 matches one of description codes: [200, 400, 404])
    ✓ content-type check
    ✓ schema check
[0m
  Running step buy-ticket workflow $sourceDescriptions.tickets-from-museum-api.workflows.get-museum-tickets[0m
[0m
  ✓ POST /tickets - step buy-tickets[0m
    ✓ success criteria check
    ✓ status code check (Response code 201 matches one of description codes: [201, 400, 404])
    ✓ content-type check
    ✓ schema check
[0m
[0m
────────────────────────────────────────────────────────────────────────────────[0m
[0m
  Running workflow inputs-with-cli-and-env.yaml / events-crud[0m
[0m
  ✓ POST /special-events - step create-event[0m
[0m
    Request URL: https://redocly.com/_mock/demo/openapi/museum-api/special-events[0m
    Request Headers:[0m
      content-type: application/json[0m
      accept: application/json, application/problem+json[0m
      authorization: Basic Og==[0m
      username-token: Basic Og==[0m
    Request Body:[0m
      {
        "additionalName": "John",
        "additionalPassword": "password",
        "additionalEnv": "Basic Og==",
        "name": "Mermaid Treasure Identification and Analysis",
        "location": "Under the seaaa 🦀 🎶 🌊.",
        "eventDescription": "Join us as we review and classify a rare collection of 20 thingamabobs, gadgets, gizmos, whoosits, and whatsits, kindly donated by Ariel.",
        "dates": [
          "2023-09-05",
          "2023-09-08"
        ],
        "price": 0
      }[0m
[0m
[0m
    Response status code: 201[0m
    Response time: <test> ms[0m
    Response Body:[0m
      {
        "eventId": "dad4bce8-f5cb-4078-a211-995864315e39",
        "name": "Mermaid Treasure Identification and Analysis",
        "location": "Under the seaaa 🦀 🎶 🌊.",
        "eventDescription": "Join us as we review and classify a rare collection of 20 thingamabobs, gadgets, gizmos, whoosits, and whatsits, kindly donated by Ariel.",
        "dates": [
          "2023-09-05",
          "2023-09-08"
        ],
        "price": 0
      }[0m
[0m
    ✓ success criteria check
    ✓ success criteria check
    ✓ status code check (Response code 201 matches one of description codes: [201, 400, 404])
    ✓ content-type check
    ✓ schema check
[0m
[0m
  Summary for inputs-with-cli-and-env.yaml
  
  Workflows: 2 passed, 2 total
  Steps: 3 passed, 3 total
  Checks: 13 passed, 13 total
  Time: <test>ms[0m
[0m
[0m
┌──────────────────────────────────────────────────────────────────────┬────────────┬─────────┬─────────┬──────────┬─────────┐
│ Filename                                                             │ Workflows  │ Passed  │ Failed  │ Warnings │ Skipped │
├──────────────────────────────────────────────────────────────────────┼────────────┼─────────┼─────────┼──────────┼─────────┤
│ ✓ inputs-with-cli-and-env.yaml                                       │ 2          │ 2       │ -       │ -        │ -       │
└──────────────────────────────────────────────────────────────────────┴────────────┴─────────┴─────────┴──────────┴─────────┘[0m
[0m

"
`;
