// Jest Snapshot v1, https://goo.gl/fbAQLP

exports[`should end workflow execution, context returns to the caller with applicable outputs, when step fails and onFailure action is of type \`end\` 1`] = `
"────────────────────────────────────────────────────────────────────────────────[0m
[0m
  Running workflow step-on-failure-type-end-action.yaml / events-crud[0m
[0m
  ✗ GET /special-events - step list-events[0m
    ✗ success criteria check
    ✓ status code check (Response code 200 matches one of description codes: [200, 400, 404])
    ✓ content-type check
    ✓ schema check
[0m
────────────────────────────────────────────────────────────────────────────────[0m
[0m
  Running workflow step-on-failure-type-end-action.yaml / get-museum-hours[0m
[0m
  ✓ GET /museum-hours - step get-museum-hours[0m
    ✓ success criteria check
    ✓ status code check (Response code 200 matches one of description codes: [200, 400, 404])
    ✓ content-type check
    ✓ schema check
[0m
[0m
  Failed tests info:
[0m
  Workflow name: events-crud[0m
[0m
    stepId - list-events[0m
    ✗ success criteria check[0m
      Checking simple criteria: {"condition":"$statusCode == 201"}[0m
      [0m
  Summary for step-on-failure-type-end-action.yaml
  
  Workflows: 1 passed, 1 failed, 2 total
  Steps: 2 passed, 1 failed, 3 total
  Checks: 7 passed, 1 failed, 8 total
  Time: <test>ms[0m
[0m
[0m
┌──────────────────────────────────────────────────────────────────────────────┬────────────┬─────────┬─────────┬──────────┬─────────┐
│ Filename                                                                     │ Workflows  │ Passed  │ Failed  │ Warnings │ Skipped │
├──────────────────────────────────────────────────────────────────────────────┼────────────┼─────────┼─────────┼──────────┼─────────┤
│ x step-on-failure-type-end-action.yaml                                       │ 2          │ 1       │ 1       │ -        │ -       │
└──────────────────────────────────────────────────────────────────────────────┴────────────┴─────────┴─────────┴──────────┴─────────┘[0m
[0m
[0m

 Tests exited with error 
"
`;
