// Vitest Snapshot v1, https://vitest.dev/guide/snapshot.html

exports[`free apis test case 1`] = `
"────────────────────────────────────────────────────────────────────────────────

  Running workflow free.arazzo.yaml / json

  ✓ GET https://jsonplaceholder.typicode.com/posts/1 - step get-first-post
    ✓ success criteria check - $statusCode == 200
    ✓ success criteria check - $response.body#/id == 1
    ✓ success criteria check - $response.body#/title == 'sunt aut facere repellat...
    ✓ success criteria check - $response.body#/body == "quia et suscipit\\nsuscipi...
    ✓ success criteria check - $response.body#/userId == 1

  ✓ GET https://jsonplaceholder.typicode.com/posts/wrong-id - step get-wrong-post
    ✓ success criteria check - $statusCode == 404

────────────────────────────────────────────────────────────────────────────────

  Running workflow free.arazzo.yaml / xml

  ✓ POST http://restapi.adequateshop.com/api/Traveler - step post-traveler
    ✓ success criteria check - $statusCode == 404
    ✓ success criteria check - $response.header.content-type == 'text/html'
    ✓ success criteria check - ^[\\s\\S]*404 - File or directory not found\\.[\\s\\S]*...


  Summary for free.arazzo.yaml
  
  Workflows: 2 passed, 2 total
  Steps: 3 passed, 3 total
  Checks: 9 passed, 9 total
  Time: <test>ms


┌──────────────────────────────────────────────────────────┬────────────┬─────────┬─────────┬──────────┐
│ Filename                                                 │ Workflows  │ Passed  │ Failed  │ Warnings │
├──────────────────────────────────────────────────────────┼────────────┼─────────┼─────────┼──────────┤
│ ✓ free.arazzo.yaml                                       │ 2          │ 2       │ -       │ -        │
└──────────────────────────────────────────────────────────┴────────────┴─────────┴─────────┴──────────┘


"
`;
