// Vitest Snapshot v1, https://vitest.dev/guide/snapshot.html

exports[`runWorkflow > should run workflow within step execution 1`] = `
[MockFunction log] {
  "calls": [
    [
      "  [1mRunning workflow[22m [34mtest.yaml / test[39m",
    ],
  ],
  "results": [
    {
      "type": "return",
      "value": undefined,
    },
  ],
}
`;
