// Vitest Snapshot v1, https://vitest.dev/guide/snapshot.html

exports[`runTestFile > should throw Found errors in Arazzo description error when contains lint errors 1`] = `[Error: [31mFound errors in Arazzo description[39m [1mtest.yaml[22m]`;
