// Jest Snapshot v1, https://goo.gl/fbAQLP

exports[`runWorkflow should run workflow within step execution 1`] = `
[MockFunction] {
  "calls": [
    [
      "  [1mRunning step[22m [34mparentStepId[39m workflow [34mparentWorkflowId[39m",
    ],
  ],
  "results": [
    {
      "type": "return",
      "value": undefined,
    },
  ],
}
`;
