// Vitest Snapshot v1, https://vitest.dev/guide/snapshot.html

exports[`should pass inputs to step target workflow with additional input parameter from parent step and remapped, custom_price is expected to be undefined 1`] = `
"-------------------------------------------------------------------------------- 
 
  Running workflow inputs-passed-to-step-target-workflow-and-remapped.arazzo.yaml / inputs-passed-to-step-target-workflow 
 
  Running child workflow for the step health-workflow 
  Running workflow events.arazzo.yaml / events-crud 
 
  ✗ POST /special-events - step create-event 

    Request URL: https://redocly.com/_mock/demo/openapi/museum-api/special-events
    Request Headers:
      content-type: application/json
      accept: application/json, application/problem+json
      authorization: ********
      multi-word-secret: composed ********
      custom_price: undefined
    Request Body:
      {
        "PROJECT_CLIENT_ID": "0000001",
        "PROJECT_CLIENT_SECRET": "PROJECT_CLIENT_SECRET",
        "PROJECT_SUBSCRIPTION_KEY": "PROJECT_SUBSCRIPTION_KEY",
        "name": "Mermaid Treasure Identification and Analysis",
        "location": "Under the seaaa 🦀 🎶 🌊.",
        "eventDescription": "Join us as we review and classify a rare collection of 20 thingamabobs, gadgets, gizmos, whoosits, and whatsits, kindly donated by Ariel.",
        "dates": [
          "2023-09-05",
          "2023-09-08"
        ]
      } 
 

    Response status code: 400
    Response time: <test> ms
    Response Headers: <response headers test>
    Response Body:
      {
        "type": "object",
        "title": "Error validating body. data must have required property 'price'"
      } 
 
    ✗ success criteria check - $statusCode == 201
    ✗ success criteria check - $.name == 'Mermaid Treasure Identification and Ana...
    ✓ status code check - $statusCode in [201, 400, 404]
    ✓ content-type check
    ✓ schema check
 
 

  Failed tests info:

  Workflow name: inputs-passed-to-step-target-workflow
 
    stepId - create-event 
    ✗ success criteria check 
      Checking simple criteria: {"condition":"$statusCode == 201"}
       
    ✗ success criteria check 
      Checking jsonpath criteria: $.name == 'Mermaid Treasure Identification and Analysis'
       
  Summary for inputs-passed-to-step-target-workflow-and-remapped.arazzo.yaml
  
  Workflows: 1 failed, 1 total
  Steps: 1 failed, 1 total
  Checks: 3 passed, 2 failed, 5 total
  Time: <test>ms 
 
 
┌────────────────────────────────────────────────────────────────────────────────────────────────────────┬────────────┬─────────┬─────────┬──────────┐
│ Filename                                                                                               │ Workflows  │ Passed  │ Failed  │ Warnings │
├────────────────────────────────────────────────────────────────────────────────────────────────────────┼────────────┼─────────┼─────────┼──────────┤
│ x inputs-passed-to-step-target-workflow-and-remapped.arazzo.yaml                                       │ 1          │ 0       │ 1       │ -        │
└────────────────────────────────────────────────────────────────────────────────────────────────────────┴────────────┴─────────┴─────────┴──────────┘
 

 Tests exited with error 

"
`;
