// Vitest Snapshot v1, https://vitest.dev/guide/snapshot.html

exports[`should use off severity level 1`] = `
"────────────────────────────────────────────────────────────────────────────────

  Running workflow severity-level.arazzo.yaml / get-museum-hours

  ✗ GET /museum-hours - step get-museum-hours

    Request URL: https://redocly.com/_mock/demo/openapi/museum-api/museum-hours
    Request Headers:
      accept: html/text, application/problem+json
      authorization: Basic Og==
      content-type: application/json


    Response status code: 200
    Response time: <test> ms
    Response Body:
      [
        {
          "date": "2023-09-11",
          "timeOpen": "09:00",
          "timeClose": "18:00"
        },
        {
          "date": "2023-09-12",
          "timeOpen": "09:00",
          "timeClose": "18:00"
        },
        {
          "date": "2023-09-13",
          "timeOpen": "09:00",
          "timeClose": "18:00"
        },
        {
          "date": "2023-09-14",
          "timeOpen": "09:00",
          "timeClose": "18:00"
        },
        {
          "date": "2023-09-15",
          "timeOpen": "10:00",
          "timeClose": "16:00"
        },
        {
          "date": "2023-09-18",
          "timeOpen": "09:00",
          "timeClose": "18:00"
        },
        {
          "date": "2023-09-19",
          "timeOpen": "09:00",
          "timeClose": "18:00"
        },
        {
          "date": "2023-09-20",
          "timeOpen": "09:00",
          "timeClose": "18:00"
        },
        {
          "date": "2023-09-21",
          "timeOpen": "09:00",
          "timeClose": "18:00"
        },
        {
          "date": "2023-09-22",
          "timeOpen": "10:00",
          "timeClose": "16:00"
        }
      ]

    ✓ success criteria check - $statusCode == 200
    ✗ status code check

────────────────────────────────────────────────────────────────────────────────

  Running workflow severity-level.arazzo.yaml / events-crud

  ✓ POST /special-events - step create-event

    Request URL: https://redocly.com/_mock/demo/openapi/museum-api/special-events
    Request Headers:
      content-type: application/json
      accept: application/json, application/problem+json
      authorization: Basic Og==
    Request Body:
      {
        "name": "Mermaid Treasure Identification and Analysis",
        "location": "Under the seaaa 🦀 🎶 🌊.",
        "eventDescription": "Join us as we review and classify a rare collection of 20 thingamabobs, gadgets, gizmos, whoosits, and whatsits, kindly donated by Ariel.",
        "dates": [
          "2023-09-05",
          "2023-09-08"
        ],
        "price": 0
      }


    Response status code: 201
    Response time: <test> ms
    Response Body:
      {
        "eventId": "dad4bce8-f5cb-4078-a211-995864315e39",
        "name": "Mermaid Treasure Identification and Analysis",
        "location": "Under the seaaa 🦀 🎶 🌊.",
        "eventDescription": "Join us as we review and classify a rare collection of 20 thingamabobs, gadgets, gizmos, whoosits, and whatsits, kindly donated by Ariel.",
        "dates": [
          "2023-09-05",
          "2023-09-08"
        ],
        "price": 0
      }

    ✓ success criteria check - $statusCode == 201
    ✓ success criteria check - $.name == 'Mermaid Treasure Identification and Ana...
    ✓ status code check - $statusCode in [201, 400, 404]
    ✓ content-type check
    ✓ schema check

  ✗ PATCH /special-events/{eventId} - step update-event

    Request URL: https://redocly.com/_mock/demo/openapi/museum-api/special-events/dad4bce8-f5cb-4078-a211-995864315e39
    Request Headers:
      content-type: application/json
      accept: json, application/problem+json
      authorization: Basic Og==
    Request Body:
      {
        "name": "Orca Identification and Analysis",
        "location": "Under the seaaa 🦀 🎶 🌊.",
        "dates": [
          "2023-09-05",
          "2023-09-08"
        ],
        "price": 0
      }


    Response status code: 200
    Response time: <test> ms
    Response Body:
      {
        "eventId": "dad4bce8-f5cb-4078-a211-995864315e39",
        "name": "Orca Identification and Analysis",
        "location": "Under the seaaa 🦀 🎶 🌊.",
        "eventDescription": "Join us as we review and classify a rare collection of 20 thingamabobs, gadgets, gizmos, whoosits, and whatsits, kindly donated by Ariel.",
        "dates": [
          "2023-09-05",
          "2023-09-08"
        ],
        "price": 0
      }

    ✓ success criteria check - $statusCode == 200
    ✓ success criteria check - $.name == 'Orca Identification and Analysis'
    ✓ status code check - $statusCode in [200, 400, 404]
    ✗ content-type check


  Failed tests info:

  Workflow name: get-museum-hours

    stepId - get-museum-hours
    ○ status code check (skipped)
      
      
  Workflow name: events-crud

    stepId - update-event
    ○ content-type check (skipped)
      Content type application/json for 200 response is not described in the schema.
      Expected content types: json.
      
  Summary for severity-level.arazzo.yaml
  
  Workflows: 2 passed, 2 total
  Steps: 3 passed, 2 ignored, 3 total
  Checks: 11 passed, 2 ignored, 11 total
  Time: <test>ms


┌────────────────────────────────────────────────────────────────────┬────────────┬─────────┬─────────┬──────────┐
│ Filename                                                           │ Workflows  │ Passed  │ Failed  │ Warnings │
├────────────────────────────────────────────────────────────────────┼────────────┼─────────┼─────────┼──────────┤
│ ✓ severity-level.arazzo.yaml                                       │ 2          │ 2       │ -       │ -        │
└────────────────────────────────────────────────────────────────────┴────────────┴─────────┴─────────┴──────────┘


"
`;
